// Jest Snapshot v1, https://goo.gl/fbAQLP

exports[`errorsWarning test errorsWarning should match snapshot 1`] = `
<div
  className="ant-result ant-result-warning"
>
  <div
    className="ant-result-icon"
  >
    <i
      aria-label="icon: warning"
      className="anticon anticon-warning"
    >
      <svg
        aria-hidden="true"
        className=""
        data-icon="warning"
        fill="currentColor"
        focusable="false"
        height="1em"
        viewBox="64 64 896 896"
        width="1em"
      >
        <path
          d="M955.7 856l-416-720c-6.2-10.7-16.9-16-27.7-16s-21.6 5.3-27.7 16l-416 720C56 877.4 71.4 904 96 904h832c24.6 0 40-26.6 27.7-48zM480 416c0-4.4 3.6-8 8-8h48c4.4 0 8 3.6 8 8v184c0 4.4-3.6 8-8 8h-48c-4.4 0-8-3.6-8-8V416zm32 352a48.01 48.01 0 0 1 0-96 48.01 48.01 0 0 1 0 96z"
        />
      </svg>
    </i>
  </div>
  <div
    className="ant-result-title"
  >
    There are some problems with your operation.
  </div>
  <div
    className="ant-result-extra"
  >
    <button
      className="ant-btn ant-btn-primary"
      onClick={[Function]}
      type="button"
    >
      <span>
        Go Console
      </span>
    </button>
  </div>
</div>
`;
